$ playwright test --config apps/web/src/review/__tests__/playwright.config.ts
[WebServer] (node:44871) Warning: The 'NO_COLOR' env is ignored due to the 'FORCE_COLOR' env being set.
[WebServer] (Use `node --trace-warnings ...` to show where the warning was created)

Running 102 tests using 3 workers

(node:44891) Warning: The 'NO_COLOR' env is ignored due to the 'FORCE_COLOR' env being set.
(Use `node --trace-warnings ...` to show where the warning was created)
(node:44889) Warning: The 'NO_COLOR' env is ignored due to the 'FORCE_COLOR' env being set.
(Use `node --trace-warnings ...` to show where the warning was created)
(node:44890) Warning: The 'NO_COLOR' env is ignored due to the 'FORCE_COLOR' env being set.
(Use `node --trace-warnings ...` to show where the warning was created)
  ✓    1 apps/web/src/review/__tests__/operations.browser.test.ts:47:1 › a new incident is announced while the alert popover is closed (500ms)
  ✓    2 apps/web/src/review/__tests__/operations.browser.test.ts:72:1 › same-title incidents each update the live status (533ms)
  ✓    3 apps/web/src/review/__tests__/operations.browser.test.ts:18:1 › operation alerts explain recovery and poll resolved events while the dashboard is open (635ms)
  ✓    4 apps/web/src/review/__tests__/operations.browser.test.ts:106:1 › an older alert entering the bounded list is announced as visible (336ms)
  ✓    7 apps/web/src/review/__tests__/operations.browser.test.ts:182:1 › capacity alerts show measured usage, admission headroom, and capture slots (378ms)
  ✓    8 apps/web/src/review/__tests__/operations.browser.test.ts:226:3 › GitHub webhook production-receiver-mismatch alerts give the matching recovery action (353ms)
  ✓    6 apps/web/src/review/__tests__/operations.browser.test.ts:168:1 › permission denial on refresh removes private alert content (1.3s)
  ✓    9 apps/web/src/review/__tests__/operations.browser.test.ts:226:3 › GitHub webhook redelivery-exhausted alerts give the matching recovery action (354ms)
  ✓    5 apps/web/src/review/__tests__/operations.browser.test.ts:138:1 › alert refresh failure stays explicit and Retry alerts works with the keyboard (1.4s)
  ✓   10 apps/web/src/review/__tests__/operations.browser.test.ts:226:3 › GitHub webhook recovery-unavailable alerts give the matching recovery action (439ms)
  ✓   12 apps/web/src/review/__tests__/pulls.browser.test.ts:32:1 › a PR page explains pending capture and can refresh (408ms)
  ✓   11 apps/web/src/review/__tests__/pulls.browser.test.ts:8:1 › a pull-request check opens its current Visonaut review (503ms)
  ✓   14 apps/web/src/review/__tests__/pulls.browser.test.ts:99:1 › a failed capture explains that no review is ready (337ms)
  ✓   15 apps/web/src/review/__tests__/pulls.browser.test.ts:116:1 › a PR deep link preserves its path through sign-in (409ms)
  ✓   13 apps/web/src/review/__tests__/pulls.browser.test.ts:56:1 › a pending PR pauses polling while hidden and refreshes on return (844ms)
  ✓   16 apps/web/src/review/__tests__/review.browser.test.ts:27:1 › review surfaces remain dark when the system uses dark mode (493ms)
  ✓   17 apps/web/src/review/__tests__/review.browser.test.ts:51:1 › valid prototype names stay visible in compact variant labels (387ms)
  ✓   18 apps/web/src/review/__tests__/review.browser.test.ts:64:1 › variant icons use brand marks and explain display preferences (461ms)
  ✓   19 apps/web/src/review/__tests__/review.browser.test.ts:107:1 › variant keys do not claim an omitted display preference (485ms)
  ✓   20 apps/web/src/review/__tests__/review.browser.test.ts:128:1 › framework names do not display browser marks (519ms)
  ✓   21 apps/web/src/review/__tests__/review.browser.test.ts:150:1 › comparison errors stay visible ahead of accepted items (427ms)
  ✓   23 apps/web/src/review/__tests__/review.browser.test.ts:192:1 › a pending comparison stays visible without an evidence error (486ms)
  ✓   22 apps/web/src/review/__tests__/review.browser.test.ts:167:1 › an accepted first item does not hide the initial attention selection (599ms)
  ✓   24 apps/web/src/review/__tests__/review.browser.test.ts:215:1 › keyboard item navigation follows attention items before accepted items (710ms)
  ✓   26 apps/web/src/review/__tests__/review.browser.test.ts:275:1 › item navigation picks the first variant needing review unless one was chosen (617ms)
  ✓   25 apps/web/src/review/__tests__/review.browser.test.ts:250:1 › item and variant navigation stops at ends and remembers each item (917ms)
  ✓   27 apps/web/src/review/__tests__/review.browser.test.ts:294:1 › a missing remembered key falls back and announces the first variant (619ms)
  ✓   28 apps/web/src/review/__tests__/review.browser.test.ts:310:1 › save confirmation gates verdicts and navigation, and repeat keys do nothing (616ms)
  ✓   29 apps/web/src/review/__tests__/review.browser.test.ts:334:1 › a saved review keeps its reviewer visible when revisited (563ms)
  ✓   30 apps/web/src/review/__tests__/review.browser.test.ts:342:1 › whole item freezes all changed IDs in one undoable command (563ms)
  ✓   31 apps/web/src/review/__tests__/review.browser.test.ts:362:1 › next pending wraps, skips automatic verdicts and reviewed rejections (617ms)
  ✓   32 apps/web/src/review/__tests__/review.browser.test.ts:385:1 › undo restores automatic acceptance and the original selection (713ms)
  ✓   33 apps/web/src/review/__tests__/review.browser.test.ts:396:1 › protected whole-item rejection refuses every target, while individual actions stay usable (539ms)
  ✓   34 apps/web/src/review/__tests__/review.browser.test.ts:419:1 › already accepted history creates no session undo command (438ms)
  ✓   35 apps/web/src/review/__tests__/review.browser.test.ts:428:1 › decoded panes appear independently while review waits for all evidence (535ms)
  ✓   36 apps/web/src/review/__tests__/review.browser.test.ts:458:1 › the new image appears while the reference is still loading (535ms)
  ✓   37 apps/web/src/review/__tests__/review.browser.test.ts:485:1 › load errors block review and retry loads the same evidence (658ms)
  ✓   38 apps/web/src/review/__tests__/review.browser.test.ts:518:3 › failed comparisons explain their state without offering image retry (518ms)
  ✓   39 apps/web/src/review/__tests__/review.browser.test.ts:518:3 › superseded comparisons explain their state without offering image retry (438ms)
  ✓   40 apps/web/src/review/__tests__/review.browser.test.ts:518:3 › needs-recompare comparisons explain their state without offering image retry (445ms)
  ✓   41 apps/web/src/review/__tests__/review.browser.test.ts:546:1 › unavailable stored captures do not offer recompare for a failed comparison (473ms)
  ✓   42 apps/web/src/review/__tests__/review.browser.test.ts:564:1 › stale pull request captures explain how to get a new comparison (505ms)
  ✓   43 apps/web/src/review/__tests__/review.browser.test.ts:581:1 › a dimension mismatch cannot be fixed with image retry (482ms)
  ✓   44 apps/web/src/review/__tests__/review.browser.test.ts:596:1 › a decode failure offers image retry (541ms)
  ✓   45 apps/web/src/review/__tests__/review.browser.test.ts:616:3 › unchanged comparisons with zero changed pixels show diff without a mask (546ms)
  ✓   46 apps/web/src/review/__tests__/review.browser.test.ts:616:3 › changed comparisons with zero changed pixels show diff without a mask (586ms)
  ✓   47 apps/web/src/review/__tests__/review.browser.test.ts:650:3 › unchanged comparisons with tolerated pixels show intentional mask absence (497ms)
  ✓   48 apps/web/src/review/__tests__/review.browser.test.ts:650:3 › changed comparisons with tolerated pixels show intentional mask absence (585ms)
  ✓   49 apps/web/src/review/__tests__/review.browser.test.ts:686:1 › an explicitly required mask fails closed even with zero changed pixels (493ms)
  ✓   50 apps/web/src/review/__tests__/review.browser.test.ts:703:3 › a missing diff mask blocks review when changed pixels are 120 (522ms)
  ✓   51 apps/web/src/review/__tests__/review.browser.test.ts:703:3 › a missing diff mask blocks review when changed pixels are undefined (510ms)
  ✓   52 apps/web/src/review/__tests__/review.browser.test.ts:729:3 › 0-pixel diff still waits for original images and blocks failed evidence (538ms)
  ✓   53 apps/web/src/review/__tests__/review.browser.test.ts:729:3 › 1-pixel diff still waits for original images and blocks failed evidence (526ms)
  ✓   55 apps/web/src/review/__tests__/review.browser.test.ts:793:1 › Original only shows the reference image and G switches from the other views (447ms)
  ✓   54 apps/web/src/review/__tests__/review.browser.test.ts:768:1 › addition and removal empty panes remain distinct and D keeps the current view (647ms)
  ✓   57 apps/web/src/review/__tests__/review.browser.test.ts:851:1 › conflict identifies reviewer and does not advance or save a partial item (450ms)
  ✓   56 apps/web/src/review/__tests__/review.browser.test.ts:809:1 › shortcut scope, native modifiers, editing exclusions, and toggle (751ms)
  ✓   58 apps/web/src/review/__tests__/review.browser.test.ts:862:1 › disconnect shows unsaved state and retries the same frozen command (612ms)
  ✓   59 apps/web/src/review/__tests__/review.browser.test.ts:876:1 › Undo conflict preserves the selection and later reviewer state (527ms)
  ✓   60 apps/web/src/review/__tests__/review.browser.test.ts:885:1 › help closes with Escape and keeps native focus without rejecting (527ms)
  ✓   61 apps/web/src/review/__tests__/review.browser.test.ts:895:1 › fit, 100%, 200%, and narrow layout preserve inspectable original images (799ms)
  ✓   62 apps/web/src/review/__tests__/review.browser.test.ts:923:1 › stale decode completion cannot make a returned selection ready (557ms)
  ✓   63 apps/web/src/review/__tests__/review.browser.test.ts:979:1 › keyboard pan preserves image position across modes and item thumbnails stay stable (654ms)
  ✓   64 apps/web/src/review/__tests__/review.browser.test.ts:1005:1 › session Undo ends on reload (630ms)
  ✓   65 apps/web/src/review/__tests__/review.browser.test.ts:1014:1 › a stale latest Undo does not block an older independent session command (684ms)
  ✓   66 apps/web/src/review/__tests__/review.browser.test.ts:1033:1 › failed Undo retries its original command identity (662ms)
  ✓   68 apps/web/src/review/__tests__/review.browser.test.ts:1061:1 › pending comparisons poll only status and pause while the page is hidden (567ms)
  ✓   69 apps/web/src/review/__tests__/review.browser.test.ts:1094:1 › a superseded comparison stops status polling after one final model load (569ms)
  ✓   70 apps/web/src/review/__tests__/review.browser.test.ts:1119:1 › archived history keeps navigation and export while blocking review, Undo, and recompare (669ms)
  ✓   71 apps/web/src/review/__tests__/review.browser.test.ts:1153:1 › export gives pending and failure feedback without changing review verdicts (543ms)
  ✓   73 apps/web/src/review/__tests__/review.browser.test.ts:1225:1 › expired historical images show the server reason and do not permit recompare (406ms)
  ✓   72 apps/web/src/review/__tests__/review.browser.test.ts:1173:1 › closed retained runs can recompare while historical results remain read-only (966ms)
  ✓   74 apps/web/src/review/__tests__/review.browser.test.ts:1242:1 › a failed historical comparison stops polling and shows its failure reason (537ms)
  ✓   76 apps/web/src/review/__tests__/review.browser.test.ts:1301:1 › page-wide arrows work from body focus and the off switch preserves native keys (597ms)
  ✓   75 apps/web/src/review/__tests__/review.browser.test.ts:1278:1 › a run that closes before recompare also disables the previous Undo while comparing (866ms)
  ✓   67 apps/web/src/review/__tests__/review.browser.test.ts:1046:1 › recompare keeps prior evidence visible and blocks review until the new comparison is ready (3.2s)
  ✓   78 apps/web/src/review/__tests__/review.browser.test.ts:1389:3 › closed summaries preserve verdicts without requesting pinned image history (498ms)
  ✓   79 apps/web/src/review/__tests__/review.browser.test.ts:1389:3 › closed summaries preserve verdicts without requesting expired image history (503ms)
  ✓   77 apps/web/src/review/__tests__/review.browser.test.ts:1321:1 › a diff loads on first use and keeps pan until the variant changes (1.1s)
  ✓   80 apps/web/src/review/__tests__/review.browser.test.ts:1422:3 › long review context and recovery controls reflow at 200% CSS zoom with none forced colors (669ms)
  ✓   81 apps/web/src/review/__tests__/review.browser.test.ts:1422:3 › long review context and recovery controls reflow at 200% CSS zoom with active forced colors (661ms)
  ✓   82 apps/web/src/review/__tests__/route.browser.test.ts:9:1 › dashboard loads its protected run list without a separate identity request (313ms)
  ✓   83 apps/web/src/review/__tests__/route.browser.test.ts:26:1 › dashboard offers sign-in when the run list rejects its session (384ms)
  ✓   85 apps/web/src/review/__tests__/route.browser.test.ts:127:1 › opening a historical link loads its selected comparison (603ms)
  ✓   87 apps/web/src/review/__tests__/route.browser.test.ts:203:1 › item links return to the first variant needing review after selecting an unchanged variant (707ms)
  ✓   86 apps/web/src/review/__tests__/route.browser.test.ts:161:1 › item and variant links open a direct selection without reloading the run (1.1s)
  ✓   88 apps/web/src/review/__tests__/route.browser.test.ts:229:1 › a stale variant link keeps its valid item selected (409ms)
  ✓   89 apps/web/src/review/__tests__/route.browser.test.ts:251:1 › sign-in keeps a direct item and variant link (330ms)
  ✓   90 apps/web/src/review/__tests__/route.browser.test.ts:273:1 › historical sign-in preserves the selected comparison in its return path (343ms)
  ✓   91 apps/web/src/review/__tests__/route.browser.test.ts:298:1 › the sign-in page follows the system dark color scheme (294ms)
  ✓   84 apps/web/src/review/__tests__/route.browser.test.ts:38:1 › dashboard keeps runs in a table and operation alerts in the header (2.4s)
  ✓   93 apps/web/src/review/__tests__/route.browser.test.ts:345:1 › the work list shows an old PR title while recent history stays separate (454ms)
  ✓   94 apps/web/src/review/__tests__/route.browser.test.ts:395:1 › preview fixtures have no GitHub login, logout or live operations requests (313ms)
  ✓   92 apps/web/src/review/__tests__/route.browser.test.ts:318:1 › variant links preserve native new-tab activation and keyboard routes (927ms)
  ✓   95 apps/web/src/review/__tests__/route.browser.test.ts:416:1 › a preview review has image fixtures and no live actions or login (540ms)
  ✓   96 apps/web/src/review/__tests__/scale.browser.test.ts:38:1 › the complete virtual list has bounded rows and arrow, Home and End navigation (838ms)
  ✓   97 apps/web/src/review/__tests__/scale.browser.test.ts:60:1 › page-wide navigation remembers variants and leaves focus outside the virtual list (859ms)
  ✓   98 apps/web/src/review/__tests__/scale.browser.test.ts:77:1 › accepted items mount only when opened and focus spans both groups (766ms)
  ✓  100 apps/web/src/review/__tests__/scale.browser.test.ts:136:1 › long names have measured height and do not overlap at browser zoom (639ms)
  ✓   99 apps/web/src/review/__tests__/scale.browser.test.ts:101:1 › approval, Undo and removal retain useful focus and stable identities (928ms)
  ✓  101 apps/web/src/review/__tests__/scale.browser.test.ts:166:1 › narrow layout keeps items, tabs and image controls inside the page (698ms)
  ✓  102 apps/web/src/review/__tests__/scale.browser.test.ts:177:1 › removing the full model focuses the empty navigation region (510ms)

  102 passed (23.0s)
