[
  {
    "size": "1440",
    "errors": [],
    "facts": {
      "title": "Visonaut Audit",
      "revision": "r11",
      "overflow": 0,
      "planRows": 22,
      "planLinks": 22,
      "firstLink": "#255",
      "lastLink": "#276",
      "headers": [
        "No.",
        "Issue",
        "Key",
        "Title",
        "Depends on",
        "Level",
        "Size",
        "What your answers of round 6 change"
      ],
      "answered": "70 / 70 answered"
    }
  },
  {
    "size": "400",
    "errors": [],
    "facts": {
      "title": "Visonaut Audit",
      "revision": "r11",
      "overflow": 0,
      "planRows": 22,
      "planLinks": 22,
      "firstLink": "#255",
      "lastLink": "#276",
      "headers": [
        "No.",
        "Issue",
        "Key",
        "Title",
        "Depends on",
        "Level",
        "Size",
        "What your answers of round 6 change"
      ],
      "answered": "70 / 70 answered"
    }
  }
]
