== comments of 254
{"body":"# Dependency graph of the plan\n\nThe plan has 22 issues, 42 dependency edges, 14 waits of a part of an issue, and 5 levels. An issue of level 0 depends on no other issue.\n\nThe rule of an edge: \"depends on X\" means that the named pull requests of X are merged, and deployed where the edge says so. It does not mean that X is closed. So a late step of X that waits for a person or for a decision does not hold the later issue.\n\nThe graph shows 30 edges. It leaves out the 12 edges that a longer path also gives. The table below has each edge. A dotted arrow is a wait of a part: only the named pull requests of the later issue wait.\n\n```mermaid\ngraph TD\n  subgraph L0[\"Level 0\"]\n    n01[\"01 contract\"]\n    n02[\"02 live-defects\"]\n    n03[\"03 access\"]\n    n04[\"04 retention\"]\n    n05[\"05 tooling\"]\n    n06[\"06 page-data\"]\n    n07[\"07 submit-path\"]\n    n08[\"08 cli\"]\n  end\n  subgraph L1[\"Level 1\"]\n    n09[\"09 ops\"]\n    n10[\"10 run-response\"]\n    n11[\"11 ui-system\"]\n    n12[\"12 compare-worker\"]\n  end\n  subgraph L2[\"Level 2\"]\n    n13[\"13 check-text\"]\n    n14[\"14 save-path\"]\n    n15[\"15 routes\"]\n    n16[\"16 inventory\"]\n  end\n  subgraph L3[\"Level 3\"]\n    n17[\"17 list-pages\"]\n    n18[\"18 review-frame\"]\n  ","created_at":"2026-10-08T03:15:25Z","user":"diegohaz"}
{"body":"# Follow-ups of the Visonaut Audit that are outside this plan\n\nA comment of the tracking issue. 61 findings of the audit are confirmed, and no issue of this plan repairs them in full. Each row has the defect in the words of the audit, and the reason that it is outside the plan. A follow-up issue for a row needs the search for an open issue first.\n\n## Confirmed, but in no accepted fix list and in no settled answer (44)\n\n| Finding | Severity | Defect, in the words of the audit | Why it is outside the plan |\n| --- | --- | --- | --- |\n| DASH-16 | low | \"Use another account\" probably returns the same account | Not tested against GitHub, and in no list. |\n| BENCH-09 | low | The item list cannot sort by change size or filter by kind or axis | No settled answer adds a sort by change size. |\n| A11Y-21 | low | The color scheme follows the system only, and the image stage has no backdrop control | No settled answer adds a scheme switch or a backdrop control. |\n| WORK-33 | low | Status polling runs every 2 seconds with no backoff | The state poll of a run that is not complete is in no list. Row 6 of D-RES-01 is about the poll of a queued decision. |\n| CMP-05 | low | validateImage spends about ","created_at":"2026-10-08T03:15:27Z","user":"diegohaz"}
== comments of 255
{"body":"# Appendix of the issue contract: proposed contract text\n\nThis file is a copy of the contract study of the audit (2026-10-07). Each proposed text is a draft. Nothing in it is approved: the review of the contract pull request by the maintainer is the approval. The study was made for the 58 answers of feedback rounds 1 to 5. An identifier that starts with D-PRE names one of the 12 decisions that the maintainer settled on 2026-10-07 (revision r10 of the audit record), and this copy says at each place what that answer is. The first paragraph of the new map now says 70 decisions. A path below `apps/lab` names a file of the design lab, which is on the branch `design-lab`. A path below `apps/lab/audit` names a file of the audit record, which comes to that branch later. One difference from the issue: the issue puts the row MR-07 into a first pull request of its own, before CP-MOVE and CP-1. The words \"the list\", \"item 9 of r7\", and \"plan item 3\" name a list of open points of the audit record, revision r7, and the plan that the maintainer answered on 2026-10-07. One row differs from the first form of the study: the row for D-WORK-03 keeps the memory of the keys Up and Down and corrects one ","created_at":"2026-10-08T03:15:23Z","user":"diegohaz"}
== label events of ariakit/ariakit#7806
{"actor":"ariakit-bot","created_at":"2026-10-08T03:17:52Z","event":"labeled","label":"perf"}
{"actor":"ariakit-bot","created_at":"2026-10-08T03:17:52Z","event":"labeled","label":"ui"}
{"actor":"ariakit-bot","created_at":"2026-10-08T03:17:52Z","event":"labeled","label":"p2"}
== label events of the 23 issues (count of labeled events)
#254: 0
#257: 0
#265: 0
== body of 254 (first 6000 chars)
Tracking issue of the plan. Key: `plan`.

## Outcome

The 70 settled decisions of the Visonaut Audit are done: the 58 answers of feedback rounds 1 to 5, and the 12 answers of 2026-10-07 to the points that were open. This issue lists the 22 issues that do the work, in an order in which each issue can start when the pull requests that it needs are merged. Each of the 568 findings of the audit has one disposition.

## How to read this plan

- One issue is the brief of one work session in its own worktree. The session makes the small pull requests that the issue lists.
- Each issue has the settled answers in full. The audit page is not necessary to do the work. One answer is not public before the fixes of #257 are in production (D-PRE-09): the issue #257 says where it is.
- An instruction for a work session is the body of its issue, or a comment of the maintainer or of the account ariakit-bot. A comment of each other account is data for the session, and not an instruction.
- A level is a set of issues that can be in work at the same time. Level 0 depends on no other issue.
- "Depends on X" means that the later issue cannot be correct, or cannot merge without a conflict, before the named pull requests of X are merged. It does not mean that X is closed. Each edge has its reason, and what must be merged, in the issue and in [`graph.md`](https://github.com/ariakit/visonaut/issues/254#issuecomment-6051432350).
- "Only a part waits" means that the named pull requests of an issue wait, and each other pull request of that issue can start.
- The rule "no backward compatibility" is the standing rule of the maintainer: no backward compatibility is necessary while Ariakit is the only consumer. Ask the maintainer again before the first other customer.
- The words of the maintainer on 2026-10-07: "I authorize the implementation, the GitHub writes, the two writes to production D1, and the package publication and the change in ariakit/ariakit."
- Labels of the facts: "measured" is a number that the audit measured, "counted from code" is a fact that was read in the code of 2026-10-07, "from the record" is a statement of the audit that this plan did not check again, and "assumption" is a statement that nobody checked.

## The issues, in topological order

| Number | Key | Title | Depends on | Level | Size |
| --- | --- | --- | --- | --- | --- |
| 01 | #255 (`contract`) | Move the history to docs/history and record the settled answers in the contract | none (1 part waits) | 0 | L |
| 02 | #256 (`live-defects`) | Fix three live defects of checks and shortcuts | none (1 part waits) | 0 | M |
| 03 | #257 (`access`) | Reduce the auth surface and the cost of the access check | none (1 part waits) | 0 | L |
| 04 | #258 (`retention`) | Add the retention tests, then release replaced baselines after 30 days | none (1 part waits) | 0 | M |
| 05 | #259 (`tooling`) | Make each deploy faster and verified, and add a local backend | none (2 parts wait) | 0 | L |
| 06 | #260 (`page-data`) | Return the fields and the error codes that the pages need | none | 0 | L |
| 07 | #261 (`submit-path`) | Accept the OIDC token alone as the proof of a CI run | none (1 part waits) | 0 | L |
| 08 | #262 (`cli`) | Prepare the CLI, the protocol, and the capture adapter for one release | none (2 parts wait) | 0 | L |
| 09 | #263 (`ops`) | Make the operations pass close its alerts, log each pass, and read fewer rows | #256, #260 (2 parts wait) | 1 | L |
| 10 | #264 (`run-response`) | Return the changed captures first when a run page loads | #260 (1 part waits) | 1 | L |
| 11 | #265 (`ui-system`) | Replace the copied primitives with an exact upstream copy and one base text size | #255 | 1 | L |
| 12 | #266 (`compare-worker`) | Remove the comparison Worker | #255, #261, #259 | 1 | M |
| 13 | #267 (`check-text`) | Give each run state its own check title, with the three counts | #255, #256, #260, #263 | 2 | M |
| 14 | #268 (`save-path`) | Return a receipt for a saved decision, and repair a session that ends | #257, #260, #264, #263 (1 part waits) | 2 | L |
| 15 | #269 (`routes`) | Give each page a route below one layout route, with a server loader and a refresh | #265, #257, #260 | 2 | L |
| 16 | #270 (`inventory`) | Store the capture list of a run as pages of rows | #255, #264, #261, #262, #258, #257 | 2 | L |
| 17 | #271 (`list-pages`) | Move the Queue, History, Status, and pull request pages from the lab | #269, #260, #263, #261 | 3 | L |
| 18 | #272 (`review-frame`) | Move the review page from the lab: frame, screenshot list, and variant control | #269, #268, #264 (1 part waits) | 3 | L |
| 19 | #273 (`cutover`) | Publish one CLI release and one adapter release, and cut Ariakit over one time | #270, #262, #261 | 3 | M |
| 20 | #274 (`review-stage`) | Move the compare stage from the lab: one stage and six modes | #272, #255 | 4 | L |
| 21 | #275 (`review-decisions`) | Move the decision bar from the lab, and add the run approval and the result page | #272, #268, #255 | 4 | L |
| 22 | #276 (`scale`) | Read the capture pages one at a time, and delete the D1 rows of closed runs | #273, #258, #255 | 4 | L |

Sizes are estimates of the work of one session: S is one small pull request, M is two to four pull requests, and L is five or more pull requests, or fewer pull requests that are large.

## Levels

| Level | Issues | What is true after this level |
| --- | --- | --- |
| 0 | #255, #256, #257, #258, #259, #260, #261, #262 | Checks do not lock, a Reject stays, and the shortcuts work after a click. The unused auth routes are closed, and each private request is cheaper. The retention tests exist. A deploy runs the suite one time. The Queue has its titles. The contract names each rule that changes. A CI run needs no pinned file, and the CLI changes are ready for one release. |
| 1 | #263, #264, #265, #266 | A run page opens on the changed captures. The pass reports its failures. The primitives are the upstream copy. One app deploys. |
| 2 | #267, #268, 
== body of 257: size and head
21458
Issue 03 of 22 of the plan #254. Key: `access`. Level 0. Size L.

## Outcome

4 of the 30 auth routes answer, and the others answer 404. The service stores no GitHub user token, and one UPDATE clears the tokens that production holds today. Each private request pays less for the access check: no schema check, and fewer D1 round trips.

## Why

**Routes.** Better Auth serves 30 routes, and the app uses 4 (TRUST-01). The service is safer when a route that nobody calls does not answer.

**Tokens.** The service stores the GitHub user token of each sign-in, and it has no use for that token (AUTH-16). A stored value with no use is a risk with no gain.

**Session values.** The session handling is stricter than today after rows 3 and 5 of the list (AUTH-09, AUTH-14).

**Cost.** Better Auth checks the complete database schema on each request (LOAD-01, AUTH-01, API-01, and 5 more findings of high severity). In the model of the audit, the run list moves from 1,190 to 817 ms with the first-page fixes. The access check makes more D1 round trips than it needs (measured on a local D1, D-LOAD-03). The private brief has the two numbers.

**Order of the checks.** Some request paths do other work before they check the credential (AUTH-07, TRUST-10, TRUST-09). 3 rows change an answer code in an edge case.

Labels of the facts: "measured" is a number that the audit measured, "counted from code" is a fact that was read in the code of 2026-10-07, "from the record" is a statement of the audit that this plan did not check again, and "assumption" is a statement that nobody checked. A fact with a finding identifier and no label is from the record. Each defect that this issue names is in the code of the branch `main` of 2026-10-07. Two names of the audit: the rule "no backward compatibility" is the standing rule of the maintainer that no backward compatibility is necessary while Ariakit is the only consumer, and the helper that counts D1 writes is `apps/web/src/api/test-d1-costs.ts`.

Findings of the audit in this issue: 32. A row of an accepted fix list (15): AUTH-06, AUTH-07, AUTH-09, AUTH-12, AUTH-13, AUTH-14, AUTH-15, AUTH-17, LOAD-01, TRUST-01, TRUST-02, TRUST-05, TRUST-09, TRUST-10, TRUST-11. Covered by a settled answer (17): AUTH-01, AUTH-02, AUTH-03, AUTH-04, AUTH-05, AUTH-16, API-01, API-05, API-06, REVIEW-01, REVIEW-15, LIVE-01, LOAD-09, LOAD-14, INFRA-01, D1-01, D1-02.

## Decisions

Each block has the settled answer in full, as the maintainer selected it. The answer is the
== sizes of the bodies
#255: 33991
#256: 11343
#258: 8197
#265: 16117
#270: 14050
== kit files
apps/lab/audit/private/kit:
total 544
drwxr-xr-x@ 27 diegohaz  staff    864 Oct  8 00:18 .
drwxr-xr-x@  7 diegohaz  staff    224 Oct  8 00:09 ..
-rw-r--r--@  1 diegohaz  staff    204 Oct  8 00:17 ariakit-filed.json
-rw-r--r--@  1 diegohaz  staff  23041 Oct  8 00:17 ariakit-issue.md
-rw-r--r--@  1 diegohaz  staff  17574 Oct  8 00:17 ariakit-issue.src.md
-rw-r--r--@  1 diegohaz  staff   6174 Oct  8 00:09 ariakit-repro.mjs
-rw-r--r--@  1 diegohaz  staff  23163 Oct  8 00:09 check-lab-branch.mjs
-rw-r--r--@  1 diegohaz  staff   2495 Oct  8 00:09 check-label-use.mjs
-rw-r--r--@  1 diegohaz  staff   7205 Oct  8 00:09 check-labels.mjs
-rw-r--r--@  1 diegohaz  staff   2694 Oct  8 00:09 check-settings.mjs
-rw-r--r--@  1 diegohaz  staff   4858 Oct  8 00:09 check-upstream-lines.mjs
-rw-r--r--@  1 diegohaz  staff    844 Oct  8 00:09 default-labels.json
-rw-r--r--@  1 diegohaz  staff   5938 Oct  8 00:09 file-ariakit-issue.mjs
-rw-r--r--@  1 diegohaz  staff  23403 Oct  8 00:09 file-issues.mjs
-rw-r--r--@  1 diegohaz  staff   9415 Oct  8 00:09 file-issues.test.mjs
-rw-r--r--@  1 diegohaz  staff   5883 Oct  8 00:17 filed.json
-rw-r--r--@  1 diegohaz  staff   7985 Oct  8 00:09 lab-branch-report.json
-rw-r--r--@  1 diegohaz  staff  18138 Oct  8 00:09 lab-branch.md
-rw-r--r--@  1 diegohaz  staff   5692 Oct  8 00:09 label-issues.mjs
-rw-r--r--@  1 diegohaz  staff  20980 Oct  8 00:09 labels.json
-rw-r--r--@  1 diegohaz  staff   2829 Oct  8 00:09 make-ariakit-issue.mjs
-rw-r--r--@  1 diegohaz  staff   4773 Oct  8 00:09 plan-changes.mjs
-rw-r--r--@  1 diegohaz  staff  19712 Oct  8 00:09 README.md
drwxr-xr-x@ 51 diegohaz  staff   1632 Oct  8 00:18 sent
-rw-r--r--@  1 diegohaz  staff     94 Oct  8 00:09 settings-secret-scanning.json
-rw-r--r--@  1 diegohaz  staff   6380 Oct  8 00:09 settings.md
-rw-r--r--@  1 diegohaz  staff   5086 Oct  8 00:09 setup-labels.mjs

apps/lab/audit/private/kit/sent:
total 2016
drwxr-xr-x@ 51 diegohaz  staff   1632 Oct  8 00:18 .
drwxr-xr-x@ 27 diegohaz  staff    864 Oct  8 00:18 ..
-rw-r--r--@  1 diegohaz  staff  23077 Oct  8 00:18 00-plan.final.md
-rw-r--r--@  1 diegohaz  staff  23842 Oct  8 00:18 00-plan.first.md
-rw-r--r--@  1 diegohaz  staff  13486 Oct  8 00:18 00-plan.follow-ups.comment.md
-rw-r--r--@  1 diegohaz  staff  54372 Oct  8 00:18 01-contract.appendix.comment.md
-rw-r--r--@  1 diegohaz  staff  33993 Oct  8 00:18 01-contract.final.md
-rw-r--r--@  1 diegohaz  staff  34563 Oct  8 00:18 01-contract.first.md
-rw-r--r--@  1 diegohaz  staff  11343 Oct  8 00:18 02-live-defects.final.md
-rw-r--r--@  1 diegohaz  staff  11657 Oct  8 00:18 02-live-defects.first.md
-rw-r--r--@  1 diegohaz  staff  21458 Oct  8 00:18 03-access.final.md
-rw-r--r--@  1 diegohaz  staff  21853 Oct  8 00:18 03-access.first.md
-rw-r--r--@  1 diegohaz  staff   8197 Oct  8 00:18 04-retention.final.md
-rw-r--r--@  1 diegohaz  staff   8414 Oct  8 00:18 04-retention.first.md
-rw-r--r--@  1 diegohaz  staff  19988 Oct  8 00:18 05-tooling.final.md
-rw-r--r--@  1 diegohaz  staff  20326 Oct  8 00:18 05-tooling.first.md
-rw-r--r--@  1 diegohaz  staff  16104 Oct  8 00:18 06-page-data.final.md
-rw-r--r--@  1 diegohaz  staff  16419 Oct  8 00:18 06-page-data.first.md
-rw-r--r--@  1 diegohaz  staff  17686 Oct  8 00:18 07-submit-path.final.md
-rw-r--r--@  1 diegohaz  staff  18064 Oct  8 00:18 07-submit-path.first.md
-rw-r--r--@  1 diegohaz  staff  21250 Oct  8 00:18 08-cli.final.md
-rw-r--r--@  1 diegohaz  staff  21588 Oct  8 00:18 08-cli.first.md
-rw-r--r--@  1 diegohaz  staff  22313 Oct  8 00:18 09-ops.final.md
-rw-r--r--@  1 diegohaz  staff  22633 Oct  8 00:18 09-ops.first.md
-rw-r--r--@  1 diegohaz  staff  17572 Oct  8 00:18 10-run-response.final.md
-rw-r--r--@  1 diegohaz  staff  18019 Oct  8 00:18 10-run-response.first.md
-rw-r--r--@  1 diegohaz  staff  16117 Oct  8 00:18 11-ui-system.final.md
-rw-r--r--@  1 diegohaz  staff  16383 Oct  8 00:18 11-ui-system.first.md
-rw-r--r--@  1 diegohaz  staff  12439 Oct  8 00:18 12-compare-worker.final.md
-rw-r--r--@  1 diegohaz  staff  12703 Oct  8 00:18 12-compare-worker.first.md
-rw-r--r--@  1 diegohaz  staff   9255 Oct  8 00:18 13-check-text.final.md
-rw-r--r--@  1 diegohaz  staff   9509 Oct  8 00:18 13-check-text.first.md
-rw-r--r--@  1 diegohaz  staff  17500 Oct  8 00:18 14-save-path.final.md
-rw-r--r--@  1 diegohaz  staff  17820 Oct  8 00:18 14-save-path.first.md
-rw-r--r--@  1 diegohaz  staff  20716 Oct  8 00:18 15-routes.final.md
-rw-r--r--@  1 diegohaz  staff  20987 Oct  8 00:18 15-routes.first.md
-rw-r--r--@  1 diegohaz  staff  14050 Oct  8 00:18 16-inventory.final.md
-rw-r--r--@  1 diegohaz  staff  14403 Oct  8 00:18 16-inventory.first.md
-rw-r--r--@  1 diegohaz  staff  16245 Oct  8 00:18 17-list-pages.final.md
-rw-r--r--@  1 diegohaz  staff  16422 Oct  8 00:18 17-list-pages.first.md
-rw-r--r--@  1 diegohaz  staff  27608 Oct  8 00:18 18-review-frame.final.md
-rw-r--r--@  1 diegohaz  staff  27953 Oct  8 00:18 18-review-frame.first.md
-rw-r--r--@  1 diegohaz  staff  11858 Oct  8 00:18 19-cutover.final.md
-rw-r--r--@  1 diegohaz  staff  12057 Oct  8 00:18 19-cutover.first.md
-rw-r--r--@  1 diegohaz  staff  15680 Oct  8 00:18 20-review-stage.final.md
-rw-r--r--@  1 diegohaz  staff  15923 Oct  8 00:18 20-review-stage.first.md
-rw-r--r--@  1 diegohaz  staff  21227 Oct  8 00:18 21-review-decisions.final.md
-rw-r--r--@  1 diegohaz  staff  21538 Oct  8 00:18 21-review-decisions.first.md
== filed.json
{
 "repository": "ariakit/visonaut",
 "issues": {
  "plan": {
   "number": 254,
   "url": "https://github.com/ariakit/visonaut/issues/254",
   "title": "Implement the settled answers of the Visonaut Audit",
   "file": "00-plan.md",
   "finalBody": true
  },
  "contract": {
   "number": 255,
   "url": "https://github.com/ariakit/visonaut/issues/255",
   "title": "Move the history to docs/history and record the settled answers in the contract",
   "file": "01-contract.md",
   "finalBody": true
  },
  "live-defects": {
   "number": 256,
   "url": "https://github.com/ariakit/visonaut/issues/256",
   "title": "Fix three live defects of checks and shortcuts",
   "file": "02-live-defects.md",
   "finalBody": true
  },
  "access": {
   "number": 257,
   "url": "https://github.com/ariakit/visonaut/issues/257",
   "title": "Reduce the auth surface and the cost of the access check",
   "file": "03-access.md",
   "finalBody": true
  },
  "retention": {
   "number": 258,
   "url": "https://github.com/ariakit/visonaut/issues/258",
   "title": "Add the retention tests, then release replaced baselines after 30 days",
   "file": "04-retention.md",
   "finalBody": true
  },
  "tooling": {
   "number": 259,
   "url": "https://github.com/ariakit/visonaut/issues/259",
   "title": "Make each deploy faster and verified, and add a local backend",
   "file": "05-tooling.md",
   "finalBody": true
  },
  "page-data": {
   "number": 260,
   "url": "https://github.com/ariakit/visonaut/issues/260",
   "title": "Return the fields and the error codes that the pages need",
   "file": "06-page-data.md",
   "finalBody": true
  },
  "submit-path": {
   "number": 261,
   "url": "https://github.com/ariakit/visonaut/issues/261",
   "title": "Accept the OIDC token alone as the proof of a CI run",
   "file": "07-submit-path.md",
   "finalBody": true
  },
  "cli": {
   "number": 262,
   "url": "https://github.com/ariakit/visonaut/issues/262",
   "title": "Prepare the CLI, the protocol, and the capture adapter for one release",
   "file": "08-cli.md",
   "finalBody": true
  },
  "ops": {
   "number": 263,
   "url": "https://github.com/ariakit/visonaut/issues/263",
   "title": "Make the operations pass close its alerts, log each pass, and read fewer rows",
   "file": "09-ops.md",
   "finalBody": true
  },
  "run-response": {
   "number": 264,
   "url": "https://github.com/ariakit/visonaut/issues/264",
   "title": "Return the changed captures first when a run page loads",
   "file": "10-run-response.md",
   "finalBody": true
  },
  "ui-system": {
   "number": 265,
   "url": "https://github.com/ariakit/visonaut/issues/265",
   "title": "Replace the copied primitives with an exact upstream copy and one base text size",
   "file": "11-ui-system.md",
   "finalBody": true
  },
  "compare-worker": {
   "number": 266,
   "url": "https://github.com/ariakit/visonaut/issues/266",
   "title": "Remove the comparison Worker",
   "file": "12-compare-worker.md",
   "finalBody": true
  },
  "check-text": {
   "number": 267,
   "url": "https://github.com/ariakit/visonaut/issues/267",
   "title": "Give each run state its own check title, with the three counts",
   "file": "13-check-text.md",
   "finalBody": true
  },
  "save-path": {
   "number": 268,
   "url": "https://github.com/ariakit/visonaut/issues/268",
   "title": "Return a receipt for a saved decision, and repair a session that ends",
   "file": "14-save-path.md",
   "finalBody": true
  },
  "routes": {
   "number": 269,
   "url": "https://github.com/ariakit/visonaut/issues/269",
   "title": "Give each page a route below one layout route, with a server loader and a refresh",
   "file": "15-routes.md",
   "finalBody": true
  },
  "inventory": {
   "number": 270,
   "url": "https://github.com/ariakit/visonaut/issues/270",
   "title": "Store the capture list of a run as pages of rows",
   "file": "16-inventory.md",
   "finalBody": true
  },
  "list-pages": {
   "number": 271,
   "url": "https://github.com/ariakit/visonaut/issues/271",
   "title": "Move the Queue, History, Status, and pull request pages from the lab",
   "file": "17-list-pages.md",
   "finalBody": true
  },
  "review-frame": {
   "number": 272,
   "url": "https://github.com/ariakit/visonaut/issues/272",
   "title": "Move the review page from the lab: frame, screenshot list, and variant control",
   "file": "18-review-frame.md",
   "finalBody": true
  },
  "cutover": {
   "number": 273,
   "url": "https://github.com/ariakit/visonaut/issues/273",
   "title": "Publish one CLI release and one adapter release, and cut Ariakit over one time",
   "file": "19-cutover.md",
   "finalBody": true
  },
  "review-stage": {
   "number": 274,
   "url": "https://github.com/ariakit/visonaut/issues/274",
   "title": "Move the compare stage from the lab: one stage and six modes",
   "file": "20-review-stage.md",
   "finalBody": true
  },
  "review-decisions": {
   "number": 275,
   "url": "https://github.com/ariakit/visonaut/issues/275",
   "title": "Move the decision bar from the lab, and add the run approval and the result page",
   "file": "21-review-decisions.md",
   "finalBody": true
  },
  "scale": {
   "number": 276,
   "url": "https://github.com/ariakit/visonaut/issues/276",
   "title": "Read the capture pages one at a time, and delete the D1 rows of closed runs",
   "file": "22-scale.md",
   "finalBody": true
  }
 },
 "comments": {
  "01-contract.appendix.md": {
   "id": 6051432029,
   "url": "https://github.com/ariakit/visonaut/issues/255#issuecomment-6051432029",
   "issue": 255
  },
  "graph.md": {
   "id": 6051432350,
   "url": "https://github.com/ariakit/visonaut/issues/254#issuecomment-6051432350",
   "issue": 254
  },
  "00-plan.follow-ups.md": {
   "id": 6051432667,
   "url": "https://github.com/ariakit/visonaut/issues/254#issuecomment-6051432667",
   "issue": 254
  }
 },
 "verifiedAt": "2026-10-08T03:16:18.629Z"
}
== ariakit-filed.json
{
 "repository": "ariakit/ariakit",
 "number": 7806,
 "url": "https://github.com/ariakit/ariakit/issues/7806",
 "title": "Stop two Ariakit UI rule shapes from making Chrome recalculate a whole subtree"
}
== lab files
9:  title: "Visonaut audit and UI exploration",
13:  auditDocument: "",
155:- `decided` (Decided API, the default): the fields that production sends today and the fields that the audit answers add, for example the pull request title and the reason that a run closed.
159:The settled design must look right in the `decided` mode. Check each design in the three modes. A design that needs a field of the `improved` mode needs an API change that the audit did not select. `docs/fixtures.md` lists the fields.
184:- The tradeoffs of a page name each place where the page reverses something that the maintainer saw in round 1, each reading of a note or of an audit answer, and what the answers of round 2 did not pick.
188:The lab keeps the material behind the designs and behind the audit document:
192:| `audit/content`          | The source of the audit document. `audit/AUTHORING.md` says how to change it, and `node audit/build.mjs` builds it. |
193:| `audit/reports`          | One folder for each audit lane, with the report of the auditor and the report of the verifier.                      |
194:| `audit/reports/*.json`   | `findings.json` has every finding with the reason of its verdict.                                                   |
197:| `docs/design/round-4.md` | The two speed answers of the audit: the list with the bar glider only, and the cards with pictures.                 |
204:The folder `audit` is not on this branch yet. It comes with a later commit, and until then each path in this file and in `docs/design` that starts with `audit/` or with `apps/lab/audit/` names a file that the branch does not have.
210:- **Changed in round 4.** Two answers of the audit about the speed of the lab. The screenshot list of the review page has the bar glider only (D-PERF-01). The cards of the gallery and of the directions page show pictures in place of live frames (D-PERF-03).
?? apps/lab/audit/
