== time 2026-10-08T04:02:30Z
== content files newer than the built page (must be none)
-rw-r--r--@ 1 diegohaz  staff  2042097 Oct  8 00:56 apps/lab/audit/dist/visonaut-audit.html
-rw-r--r--@ 1 diegohaz  staff  2042842 Oct  8 00:56 apps/lab/public/audit/index.html
the two outputs are byte-equal: 1 (0 = yes, 1 = no; they can differ by design)
== build --check (validates, writes nothing)
content  16 sections, 70 decisions, 568 findings, 327 terms, 83 demos
engine   styles 52.9 KB, script 157.4 KB, data 641.0 KB
checked  0 warning(s). No file was written (--check).
exit 0
== oxfmt --check
Checking formatting...

All matched files use the correct format.
Finished in 496ms on 20 files using 14 threads.
exit 0
== structure
     revision r10 -> r11, date 2026-10-07 -> 2026-10-08
files that differ from r10 (11): record.json, decisions.json, terms.json, sections/10-summary.html, sections/15-your-answers.html, sections/30-access-trust.html, sections/45-code-ci-docs.html, sections/50-ui-system.html, sections/70-design-lab.html, sections/90-decision-record.html, sections/95-feedback.html
STRUCTURE: all pass
== issues
ISSUES: all pass
DEPENDS: all pass
== GitHub now
[]
design-lab@54ae76f, main@4a87f44
0
0
0
read
enabled,disabled
13
== git
?? apps/lab/audit/
design-lab
54ae76f011858846c18acf63ce41e76f512b5b88
54ae76f011858846c18acf63ce41e76f512b5b88 Add the design lab
