
 ⛅️ wrangler 4.136.1 (update available 4.137.0)
───────────────────────────────────────────────
Resource location: remote

[33m▲ [43;33m[[43;30mWARNING[43;33m][0m [1m⚠️ This process may take some time, during which your D1 database will be unavailable to serve queries.[0m


🌀 Executing on remote database DB (f1197621-9b01-4d2e-be9b-0e40d9bb4026):
🌀 To execute on your local development database, remove the --remote flag from your wrangler command.
Note: if the execution fails to complete, your DB will return to its original state and you can safely retry.
├ Checking if file needs uploading
│
├ 🌀 Uploading f1197621-9b01-4d2e-be9b-0e40d9bb4026.77f0686102d32448.sql
│ 🌀 Uploading complete.
│
🌀 Starting import...
🌀 Processed 1 queries.
🚣 Executed 1 queries in 2.85ms (1 rows read, 3 rows written)
   Database is currently at bookmark 00000000-00000034-000050ef-87edc9480ff71e3f775ae0c09a6c51e2.
[
  {
    "results": [
      {
        "Total queries executed": 1,
        "Rows read": 1,
        "Rows written": 3,
        "Database size (MB)": "0.77"
      }
    ],
    "success": true,
    "finalBookmark": "00000000-00000034-000050ef-87edc9480ff71e3f775ae0c09a6c51e2",
    "meta": {
      "served_by": "v3-prod",
      "served_by_region": "ENAM",
      "served_by_colo": "MIA",
      "served_by_primary": true,
      "timings": {
        "sql_duration_ms": 2.8484
      },
      "duration": 2.8484,
      "changes": 1,
      "last_row_id": 0,
      "changed_db": true,
      "size_after": 765952,
      "rows_read": 1,
      "rows_written": 3,
      "num_tables": 62,
      "total_attempts": 1
    }
  }
]
