
 ⛅️ wrangler 4.136.1 (update available 4.137.0)
───────────────────────────────────────────────
Resource location: remote

Migrations to be applied:
┌───────────────────────────────────┐
│ name                              │
├───────────────────────────────────┤
│ 0001_service.sql                  │
├───────────────────────────────────┤
│ 0002_work.sql                     │
├───────────────────────────────────┤
│ 0003_auth.sql                     │
├───────────────────────────────────┤
│ 0004_ingest.sql                   │
├───────────────────────────────────┤
│ 0005_operations.sql               │
├───────────────────────────────────┤
│ 0006_acceptance.sql               │
├───────────────────────────────────┤
│ 0007_backup_inventory.sql         │
├───────────────────────────────────┤
│ 0008_capture_profiles.sql         │
├───────────────────────────────────┤
│ 0009_retention_history.sql        │
├───────────────────────────────────┤
│ 0010_run_history.sql              │
├───────────────────────────────────┤
│ 0011_backup_groups.sql            │
├───────────────────────────────────┤
│ 0012_historical_comparisons.sql   │
├───────────────────────────────────┤
│ 0013_promotion_scans.sql          │
├───────────────────────────────────┤
│ 0014_visonaut_brand.sql           │
├───────────────────────────────────┤
│ 0015_run_original_bytes.sql       │
├───────────────────────────────────┤
│ 0016_comparison_publication.sql   │
├───────────────────────────────────┤
│ 0018_transfer_key_redemptions.sql │
└───────────────────────────────────┘
? About to apply 17 migration(s)
Your database may not be available to serve requests during the migration, continue?
🤖 Using fallback value in non-interactive context: yes
🌀 Executing on remote database DB (f1197621-9b01-4d2e-be9b-0e40d9bb4026):
🌀 To execute on your local development database, remove the --remote flag from your wrangler command.
🚣 Executed 28 commands in 4.23ms
┌───────────────────────────────────┬────────┐
│ name                              │ status │
├───────────────────────────────────┼────────┤
│ 0001_service.sql                  │ ✅     │
├───────────────────────────────────┼────────┤
│ 0002_work.sql                     │ 🕒️    │
├───────────────────────────────────┼────────┤
│ 0003_auth.sql                     │ 🕒️    │
├───────────────────────────────────┼────────┤
│ 0004_ingest.sql                   │ 🕒️    │
├───────────────────────────────────┼────────┤
│ 0005_operations.sql               │ 🕒️    │
├───────────────────────────────────┼────────┤
│ 0006_acceptance.sql               │ 🕒️    │
├───────────────────────────────────┼────────┤
│ 0007_backup_inventory.sql         │ 🕒️    │
├───────────────────────────────────┼────────┤
│ 0008_capture_profiles.sql         │ 🕒️    │
├───────────────────────────────────┼────────┤
│ 0009_retention_history.sql        │ 🕒️    │
├───────────────────────────────────┼────────┤
│ 0010_run_history.sql              │ 🕒️    │
├───────────────────────────────────┼────────┤
│ 0011_backup_groups.sql            │ 🕒️    │
├───────────────────────────────────┼────────┤
│ 0012_historical_comparisons.sql   │ 🕒️    │
├───────────────────────────────────┼────────┤
│ 0013_promotion_scans.sql          │ 🕒️    │
├───────────────────────────────────┼────────┤
│ 0014_visonaut_brand.sql           │ 🕒️    │
├───────────────────────────────────┼────────┤
│ 0015_run_original_bytes.sql       │ 🕒️    │
├───────────────────────────────────┼────────┤
│ 0016_comparison_publication.sql   │ 🕒️    │
├───────────────────────────────────┼────────┤
│ 0018_transfer_key_redemptions.sql │ 🕒️    │
└───────────────────────────────────┴────────┘
🌀 Executing on remote database DB (f1197621-9b01-4d2e-be9b-0e40d9bb4026):
🌀 To execute on your local development database, remove the --remote flag from your wrangler command.
🚣 Executed 14 commands in 2.83ms
┌───────────────────────────────────┬────────┐
│ name                              │ status │
├───────────────────────────────────┼────────┤
│ 0001_service.sql                  │ ✅     │
├───────────────────────────────────┼────────┤
│ 0002_work.sql                     │ ✅     │
├───────────────────────────────────┼────────┤
│ 0003_auth.sql                     │ 🕒️    │
├───────────────────────────────────┼────────┤
│ 0004_ingest.sql                   │ 🕒️    │
├───────────────────────────────────┼────────┤
│ 0005_operations.sql               │ 🕒️    │
├───────────────────────────────────┼────────┤
│ 0006_acceptance.sql               │ 🕒️    │
├───────────────────────────────────┼────────┤
│ 0007_backup_inventory.sql         │ 🕒️    │
├───────────────────────────────────┼────────┤
│ 0008_capture_profiles.sql         │ 🕒️    │
├───────────────────────────────────┼────────┤
│ 0009_retention_history.sql        │ 🕒️    │
├───────────────────────────────────┼────────┤
│ 0010_run_history.sql              │ 🕒️    │
├───────────────────────────────────┼────────┤
│ 0011_backup_groups.sql            │ 🕒️    │
├───────────────────────────────────┼────────┤
│ 0012_historical_comparisons.sql   │ 🕒️    │
├───────────────────────────────────┼────────┤
│ 0013_promotion_scans.sql          │ 🕒️    │
├───────────────────────────────────┼────────┤
│ 0014_visonaut_brand.sql           │ 🕒️    │
├───────────────────────────────────┼────────┤
│ 0015_run_original_bytes.sql       │ 🕒️    │
├───────────────────────────────────┼────────┤
│ 0016_comparison_publication.sql   │ 🕒️    │
├───────────────────────────────────┼────────┤
│ 0018_transfer_key_redemptions.sql │ 🕒️    │
└───────────────────────────────────┴────────┘
🌀 Executing on remote database DB (f1197621-9b01-4d2e-be9b-0e40d9bb4026):
🌀 To execute on your local development database, remove the --remote flag from your wrangler command.
🚣 Executed 12 commands in 2.39ms
┌───────────────────────────────────┬────────┐
│ name                              │ status │
├───────────────────────────────────┼────────┤
│ 0001_service.sql                  │ ✅     │
├───────────────────────────────────┼────────┤
│ 0002_work.sql                     │ ✅     │
├───────────────────────────────────┼────────┤
│ 0003_auth.sql                     │ ✅     │
├───────────────────────────────────┼────────┤
│ 0004_ingest.sql                   │ 🕒️    │
├───────────────────────────────────┼────────┤
│ 0005_operations.sql               │ 🕒️    │
├───────────────────────────────────┼────────┤
│ 0006_acceptance.sql               │ 🕒️    │
├───────────────────────────────────┼────────┤
│ 0007_backup_inventory.sql         │ 🕒️    │
├───────────────────────────────────┼────────┤
│ 0008_capture_profiles.sql         │ 🕒️    │
├───────────────────────────────────┼────────┤
│ 0009_retention_history.sql        │ 🕒️    │
├───────────────────────────────────┼────────┤
│ 0010_run_history.sql              │ 🕒️    │
├───────────────────────────────────┼────────┤
│ 0011_backup_groups.sql            │ 🕒️    │
├───────────────────────────────────┼────────┤
│ 0012_historical_comparisons.sql   │ 🕒️    │
├───────────────────────────────────┼────────┤
│ 0013_promotion_scans.sql          │ 🕒️    │
├───────────────────────────────────┼────────┤
│ 0014_visonaut_brand.sql           │ 🕒️    │
├───────────────────────────────────┼────────┤
│ 0015_run_original_bytes.sql       │ 🕒️    │
├───────────────────────────────────┼────────┤
│ 0016_comparison_publication.sql   │ 🕒️    │
├───────────────────────────────────┼────────┤
│ 0018_transfer_key_redemptions.sql │ 🕒️    │
└───────────────────────────────────┴────────┘
🌀 Executing on remote database DB (f1197621-9b01-4d2e-be9b-0e40d9bb4026):
🌀 To execute on your local development database, remove the --remote flag from your wrangler command.
🚣 Executed 7 commands in 7.28ms
┌───────────────────────────────────┬────────┐
│ name                              │ status │
├───────────────────────────────────┼────────┤
│ 0001_service.sql                  │ ✅     │
├───────────────────────────────────┼────────┤
│ 0002_work.sql                     │ ✅     │
├───────────────────────────────────┼────────┤
│ 0003_auth.sql                     │ ✅     │
├───────────────────────────────────┼────────┤
│ 0004_ingest.sql                   │ ✅     │
├───────────────────────────────────┼────────┤
│ 0005_operations.sql               │ 🕒️    │
├───────────────────────────────────┼────────┤
│ 0006_acceptance.sql               │ 🕒️    │
├───────────────────────────────────┼────────┤
│ 0007_backup_inventory.sql         │ 🕒️    │
├───────────────────────────────────┼────────┤
│ 0008_capture_profiles.sql         │ 🕒️    │
├───────────────────────────────────┼────────┤
│ 0009_retention_history.sql        │ 🕒️    │
├───────────────────────────────────┼────────┤
│ 0010_run_history.sql              │ 🕒️    │
├───────────────────────────────────┼────────┤
│ 0011_backup_groups.sql            │ 🕒️    │
├───────────────────────────────────┼────────┤
│ 0012_historical_comparisons.sql   │ 🕒️    │
├───────────────────────────────────┼────────┤
│ 0013_promotion_scans.sql          │ 🕒️    │
├───────────────────────────────────┼────────┤
│ 0014_visonaut_brand.sql           │ 🕒️    │
├───────────────────────────────────┼────────┤
│ 0015_run_original_bytes.sql       │ 🕒️    │
├───────────────────────────────────┼────────┤
│ 0016_comparison_publication.sql   │ 🕒️    │
├───────────────────────────────────┼────────┤
│ 0018_transfer_key_redemptions.sql │ 🕒️    │
└───────────────────────────────────┴────────┘
🌀 Executing on remote database DB (f1197621-9b01-4d2e-be9b-0e40d9bb4026):
🌀 To execute on your local development database, remove the --remote flag from your wrangler command.
🚣 Executed 9 commands in 1.54ms
┌───────────────────────────────────┬────────┐
│ name                              │ status │
├───────────────────────────────────┼────────┤
│ 0001_service.sql                  │ ✅     │
├───────────────────────────────────┼────────┤
│ 0002_work.sql                     │ ✅     │
├───────────────────────────────────┼────────┤
│ 0003_auth.sql                     │ ✅     │
├───────────────────────────────────┼────────┤
│ 0004_ingest.sql                   │ ✅     │
├───────────────────────────────────┼────────┤
│ 0005_operations.sql               │ ✅     │
├───────────────────────────────────┼────────┤
│ 0006_acceptance.sql               │ 🕒️    │
├───────────────────────────────────┼────────┤
│ 0007_backup_inventory.sql         │ 🕒️    │
├───────────────────────────────────┼────────┤
│ 0008_capture_profiles.sql         │ 🕒️    │
├───────────────────────────────────┼────────┤
│ 0009_retention_history.sql        │ 🕒️    │
├───────────────────────────────────┼────────┤
│ 0010_run_history.sql              │ 🕒️    │
├───────────────────────────────────┼────────┤
│ 0011_backup_groups.sql            │ 🕒️    │
├───────────────────────────────────┼────────┤
│ 0012_historical_comparisons.sql   │ 🕒️    │
├───────────────────────────────────┼────────┤
│ 0013_promotion_scans.sql          │ 🕒️    │
├───────────────────────────────────┼────────┤
│ 0014_visonaut_brand.sql           │ 🕒️    │
├───────────────────────────────────┼────────┤
│ 0015_run_original_bytes.sql       │ 🕒️    │
├───────────────────────────────────┼────────┤
│ 0016_comparison_publication.sql   │ 🕒️    │
├───────────────────────────────────┼────────┤
│ 0018_transfer_key_redemptions.sql │ 🕒️    │
└───────────────────────────────────┴────────┘
🌀 Executing on remote database DB (f1197621-9b01-4d2e-be9b-0e40d9bb4026):
🌀 To execute on your local development database, remove the --remote flag from your wrangler command.
🚣 Executed 4 commands in 1.14ms
┌───────────────────────────────────┬────────┐
│ name                              │ status │
├───────────────────────────────────┼────────┤
│ 0001_service.sql                  │ ✅     │
├───────────────────────────────────┼────────┤
│ 0002_work.sql                     │ ✅     │
├───────────────────────────────────┼────────┤
│ 0003_auth.sql                     │ ✅     │
├───────────────────────────────────┼────────┤
│ 0004_ingest.sql                   │ ✅     │
├───────────────────────────────────┼────────┤
│ 0005_operations.sql               │ ✅     │
├───────────────────────────────────┼────────┤
│ 0006_acceptance.sql               │ ✅     │
├───────────────────────────────────┼────────┤
│ 0007_backup_inventory.sql         │ 🕒️    │
├───────────────────────────────────┼────────┤
│ 0008_capture_profiles.sql         │ 🕒️    │
├───────────────────────────────────┼────────┤
│ 0009_retention_history.sql        │ 🕒️    │
├───────────────────────────────────┼────────┤
│ 0010_run_history.sql              │ 🕒️    │
├───────────────────────────────────┼────────┤
│ 0011_backup_groups.sql            │ 🕒️    │
├───────────────────────────────────┼────────┤
│ 0012_historical_comparisons.sql   │ 🕒️    │
├───────────────────────────────────┼────────┤
│ 0013_promotion_scans.sql          │ 🕒️    │
├───────────────────────────────────┼────────┤
│ 0014_visonaut_brand.sql           │ 🕒️    │
├───────────────────────────────────┼────────┤
│ 0015_run_original_bytes.sql       │ 🕒️    │
├───────────────────────────────────┼────────┤
│ 0016_comparison_publication.sql   │ 🕒️    │
├───────────────────────────────────┼────────┤
│ 0018_transfer_key_redemptions.sql │ 🕒️    │
└───────────────────────────────────┴────────┘
🌀 Executing on remote database DB (f1197621-9b01-4d2e-be9b-0e40d9bb4026):
🌀 To execute on your local development database, remove the --remote flag from your wrangler command.
🚣 Executed 5 commands in 0.87ms
┌───────────────────────────────────┬────────┐
│ name                              │ status │
├───────────────────────────────────┼────────┤
│ 0001_service.sql                  │ ✅     │
├───────────────────────────────────┼────────┤
│ 0002_work.sql                     │ ✅     │
├───────────────────────────────────┼────────┤
│ 0003_auth.sql                     │ ✅     │
├───────────────────────────────────┼────────┤
│ 0004_ingest.sql                   │ ✅     │
├───────────────────────────────────┼────────┤
│ 0005_operations.sql               │ ✅     │
├───────────────────────────────────┼────────┤
│ 0006_acceptance.sql               │ ✅     │
├───────────────────────────────────┼────────┤
│ 0007_backup_inventory.sql         │ ✅     │
├───────────────────────────────────┼────────┤
│ 0008_capture_profiles.sql         │ 🕒️    │
├───────────────────────────────────┼────────┤
│ 0009_retention_history.sql        │ 🕒️    │
├───────────────────────────────────┼────────┤
│ 0010_run_history.sql              │ 🕒️    │
├───────────────────────────────────┼────────┤
│ 0011_backup_groups.sql            │ 🕒️    │
├───────────────────────────────────┼────────┤
│ 0012_historical_comparisons.sql   │ 🕒️    │
├───────────────────────────────────┼────────┤
│ 0013_promotion_scans.sql          │ 🕒️    │
├───────────────────────────────────┼────────┤
│ 0014_visonaut_brand.sql           │ 🕒️    │
├───────────────────────────────────┼────────┤
│ 0015_run_original_bytes.sql       │ 🕒️    │
├───────────────────────────────────┼────────┤
│ 0016_comparison_publication.sql   │ 🕒️    │
├───────────────────────────────────┼────────┤
│ 0018_transfer_key_redemptions.sql │ 🕒️    │
└───────────────────────────────────┴────────┘
🌀 Executing on remote database DB (f1197621-9b01-4d2e-be9b-0e40d9bb4026):
🌀 To execute on your local development database, remove the --remote flag from your wrangler command.
🚣 Executed 5 commands in 0.84ms
┌───────────────────────────────────┬────────┐
│ name                              │ status │
├───────────────────────────────────┼────────┤
│ 0001_service.sql                  │ ✅     │
├───────────────────────────────────┼────────┤
│ 0002_work.sql                     │ ✅     │
├───────────────────────────────────┼────────┤
│ 0003_auth.sql                     │ ✅     │
├───────────────────────────────────┼────────┤
│ 0004_ingest.sql                   │ ✅     │
├───────────────────────────────────┼────────┤
│ 0005_operations.sql               │ ✅     │
├───────────────────────────────────┼────────┤
│ 0006_acceptance.sql               │ ✅     │
├───────────────────────────────────┼────────┤
│ 0007_backup_inventory.sql         │ ✅     │
├───────────────────────────────────┼────────┤
│ 0008_capture_profiles.sql         │ ✅     │
├───────────────────────────────────┼────────┤
│ 0009_retention_history.sql        │ 🕒️    │
├───────────────────────────────────┼────────┤
│ 0010_run_history.sql              │ 🕒️    │
├───────────────────────────────────┼────────┤
│ 0011_backup_groups.sql            │ 🕒️    │
├───────────────────────────────────┼────────┤
│ 0012_historical_comparisons.sql   │ 🕒️    │
├───────────────────────────────────┼────────┤
│ 0013_promotion_scans.sql          │ 🕒️    │
├───────────────────────────────────┼────────┤
│ 0014_visonaut_brand.sql           │ 🕒️    │
├───────────────────────────────────┼────────┤
│ 0015_run_original_bytes.sql       │ 🕒️    │
├───────────────────────────────────┼────────┤
│ 0016_comparison_publication.sql   │ 🕒️    │
├───────────────────────────────────┼────────┤
│ 0018_transfer_key_redemptions.sql │ 🕒️    │
└───────────────────────────────────┴────────┘
🌀 Executing on remote database DB (f1197621-9b01-4d2e-be9b-0e40d9bb4026):
🌀 To execute on your local development database, remove the --remote flag from your wrangler command.
🚣 Executed 21 commands in 4.20ms
┌───────────────────────────────────┬────────┐
│ name                              │ status │
├───────────────────────────────────┼────────┤
│ 0001_service.sql                  │ ✅     │
├───────────────────────────────────┼────────┤
│ 0002_work.sql                     │ ✅     │
├───────────────────────────────────┼────────┤
│ 0003_auth.sql                     │ ✅     │
├───────────────────────────────────┼────────┤
│ 0004_ingest.sql                   │ ✅     │
├───────────────────────────────────┼────────┤
│ 0005_operations.sql               │ ✅     │
├───────────────────────────────────┼────────┤
│ 0006_acceptance.sql               │ ✅     │
├───────────────────────────────────┼────────┤
│ 0007_backup_inventory.sql         │ ✅     │
├───────────────────────────────────┼────────┤
│ 0008_capture_profiles.sql         │ ✅     │
├───────────────────────────────────┼────────┤
│ 0009_retention_history.sql        │ ✅     │
├───────────────────────────────────┼────────┤
│ 0010_run_history.sql              │ 🕒️    │
├───────────────────────────────────┼────────┤
│ 0011_backup_groups.sql            │ 🕒️    │
├───────────────────────────────────┼────────┤
│ 0012_historical_comparisons.sql   │ 🕒️    │
├───────────────────────────────────┼────────┤
│ 0013_promotion_scans.sql          │ 🕒️    │
├───────────────────────────────────┼────────┤
│ 0014_visonaut_brand.sql           │ 🕒️    │
├───────────────────────────────────┼────────┤
│ 0015_run_original_bytes.sql       │ 🕒️    │
├───────────────────────────────────┼────────┤
│ 0016_comparison_publication.sql   │ 🕒️    │
├───────────────────────────────────┼────────┤
│ 0018_transfer_key_redemptions.sql │ 🕒️    │
└───────────────────────────────────┴────────┘
🌀 Executing on remote database DB (f1197621-9b01-4d2e-be9b-0e40d9bb4026):
🌀 To execute on your local development database, remove the --remote flag from your wrangler command.
🚣 Executed 4 commands in 0.93ms
┌───────────────────────────────────┬────────┐
│ name                              │ status │
├───────────────────────────────────┼────────┤
│ 0001_service.sql                  │ ✅     │
├───────────────────────────────────┼────────┤
│ 0002_work.sql                     │ ✅     │
├───────────────────────────────────┼────────┤
│ 0003_auth.sql                     │ ✅     │
├───────────────────────────────────┼────────┤
│ 0004_ingest.sql                   │ ✅     │
├───────────────────────────────────┼────────┤
│ 0005_operations.sql               │ ✅     │
├───────────────────────────────────┼────────┤
│ 0006_acceptance.sql               │ ✅     │
├───────────────────────────────────┼────────┤
│ 0007_backup_inventory.sql         │ ✅     │
├───────────────────────────────────┼────────┤
│ 0008_capture_profiles.sql         │ ✅     │
├───────────────────────────────────┼────────┤
│ 0009_retention_history.sql        │ ✅     │
├───────────────────────────────────┼────────┤
│ 0010_run_history.sql              │ ✅     │
├───────────────────────────────────┼────────┤
│ 0011_backup_groups.sql            │ 🕒️    │
├───────────────────────────────────┼────────┤
│ 0012_historical_comparisons.sql   │ 🕒️    │
├───────────────────────────────────┼────────┤
│ 0013_promotion_scans.sql          │ 🕒️    │
├───────────────────────────────────┼────────┤
│ 0014_visonaut_brand.sql           │ 🕒️    │
├───────────────────────────────────┼────────┤
│ 0015_run_original_bytes.sql       │ 🕒️    │
├───────────────────────────────────┼────────┤
│ 0016_comparison_publication.sql   │ 🕒️    │
├───────────────────────────────────┼────────┤
│ 0018_transfer_key_redemptions.sql │ 🕒️    │
└───────────────────────────────────┴────────┘
🌀 Executing on remote database DB (f1197621-9b01-4d2e-be9b-0e40d9bb4026):
🌀 To execute on your local development database, remove the --remote flag from your wrangler command.
🚣 Executed 13 commands in 6.61ms
┌───────────────────────────────────┬────────┐
│ name                              │ status │
├───────────────────────────────────┼────────┤
│ 0001_service.sql                  │ ✅     │
├───────────────────────────────────┼────────┤
│ 0002_work.sql                     │ ✅     │
├───────────────────────────────────┼────────┤
│ 0003_auth.sql                     │ ✅     │
├───────────────────────────────────┼────────┤
│ 0004_ingest.sql                   │ ✅     │
├───────────────────────────────────┼────────┤
│ 0005_operations.sql               │ ✅     │
├───────────────────────────────────┼────────┤
│ 0006_acceptance.sql               │ ✅     │
├───────────────────────────────────┼────────┤
│ 0007_backup_inventory.sql         │ ✅     │
├───────────────────────────────────┼────────┤
│ 0008_capture_profiles.sql         │ ✅     │
├───────────────────────────────────┼────────┤
│ 0009_retention_history.sql        │ ✅     │
├───────────────────────────────────┼────────┤
│ 0010_run_history.sql              │ ✅     │
├───────────────────────────────────┼────────┤
│ 0011_backup_groups.sql            │ ✅     │
├───────────────────────────────────┼────────┤
│ 0012_historical_comparisons.sql   │ 🕒️    │
├───────────────────────────────────┼────────┤
│ 0013_promotion_scans.sql          │ 🕒️    │
├───────────────────────────────────┼────────┤
│ 0014_visonaut_brand.sql           │ 🕒️    │
├───────────────────────────────────┼────────┤
│ 0015_run_original_bytes.sql       │ 🕒️    │
├───────────────────────────────────┼────────┤
│ 0016_comparison_publication.sql   │ 🕒️    │
├───────────────────────────────────┼────────┤
│ 0018_transfer_key_redemptions.sql │ 🕒️    │
└───────────────────────────────────┴────────┘
🌀 Executing on remote database DB (f1197621-9b01-4d2e-be9b-0e40d9bb4026):
🌀 To execute on your local development database, remove the --remote flag from your wrangler command.
🚣 Executed 7 commands in 3.14ms
┌───────────────────────────────────┬────────┐
│ name                              │ status │
├───────────────────────────────────┼────────┤
│ 0001_service.sql                  │ ✅     │
├───────────────────────────────────┼────────┤
│ 0002_work.sql                     │ ✅     │
├───────────────────────────────────┼────────┤
│ 0003_auth.sql                     │ ✅     │
├───────────────────────────────────┼────────┤
│ 0004_ingest.sql                   │ ✅     │
├───────────────────────────────────┼────────┤
│ 0005_operations.sql               │ ✅     │
├───────────────────────────────────┼────────┤
│ 0006_acceptance.sql               │ ✅     │
├───────────────────────────────────┼────────┤
│ 0007_backup_inventory.sql         │ ✅     │
├───────────────────────────────────┼────────┤
│ 0008_capture_profiles.sql         │ ✅     │
├───────────────────────────────────┼────────┤
│ 0009_retention_history.sql        │ ✅     │
├───────────────────────────────────┼────────┤
│ 0010_run_history.sql              │ ✅     │
├───────────────────────────────────┼────────┤
│ 0011_backup_groups.sql            │ ✅     │
├───────────────────────────────────┼────────┤
│ 0012_historical_comparisons.sql   │ ✅     │
├───────────────────────────────────┼────────┤
│ 0013_promotion_scans.sql          │ 🕒️    │
├───────────────────────────────────┼────────┤
│ 0014_visonaut_brand.sql           │ 🕒️    │
├───────────────────────────────────┼────────┤
│ 0015_run_original_bytes.sql       │ 🕒️    │
├───────────────────────────────────┼────────┤
│ 0016_comparison_publication.sql   │ 🕒️    │
├───────────────────────────────────┼────────┤
│ 0018_transfer_key_redemptions.sql │ 🕒️    │
└───────────────────────────────────┴────────┘
🌀 Executing on remote database DB (f1197621-9b01-4d2e-be9b-0e40d9bb4026):
🌀 To execute on your local development database, remove the --remote flag from your wrangler command.
🚣 Executed 3 commands in 0.67ms
┌───────────────────────────────────┬────────┐
│ name                              │ status │
├───────────────────────────────────┼────────┤
│ 0001_service.sql                  │ ✅     │
├───────────────────────────────────┼────────┤
│ 0002_work.sql                     │ ✅     │
├───────────────────────────────────┼────────┤
│ 0003_auth.sql                     │ ✅     │
├───────────────────────────────────┼────────┤
│ 0004_ingest.sql                   │ ✅     │
├───────────────────────────────────┼────────┤
│ 0005_operations.sql               │ ✅     │
├───────────────────────────────────┼────────┤
│ 0006_acceptance.sql               │ ✅     │
├───────────────────────────────────┼────────┤
│ 0007_backup_inventory.sql         │ ✅     │
├───────────────────────────────────┼────────┤
│ 0008_capture_profiles.sql         │ ✅     │
├───────────────────────────────────┼────────┤
│ 0009_retention_history.sql        │ ✅     │
├───────────────────────────────────┼────────┤
│ 0010_run_history.sql              │ ✅     │
├───────────────────────────────────┼────────┤
│ 0011_backup_groups.sql            │ ✅     │
├───────────────────────────────────┼────────┤
│ 0012_historical_comparisons.sql   │ ✅     │
├───────────────────────────────────┼────────┤
│ 0013_promotion_scans.sql          │ ✅     │
├───────────────────────────────────┼────────┤
│ 0014_visonaut_brand.sql           │ 🕒️    │
├───────────────────────────────────┼────────┤
│ 0015_run_original_bytes.sql       │ 🕒️    │
├───────────────────────────────────┼────────┤
│ 0016_comparison_publication.sql   │ 🕒️    │
├───────────────────────────────────┼────────┤
│ 0018_transfer_key_redemptions.sql │ 🕒️    │
└───────────────────────────────────┴────────┘
🌀 Executing on remote database DB (f1197621-9b01-4d2e-be9b-0e40d9bb4026):
🌀 To execute on your local development database, remove the --remote flag from your wrangler command.
🚣 Executed 77 commands in 94.30ms
┌───────────────────────────────────┬────────┐
│ name                              │ status │
├───────────────────────────────────┼────────┤
│ 0001_service.sql                  │ ✅     │
├───────────────────────────────────┼────────┤
│ 0002_work.sql                     │ ✅     │
├───────────────────────────────────┼────────┤
│ 0003_auth.sql                     │ ✅     │
├───────────────────────────────────┼────────┤
│ 0004_ingest.sql                   │ ✅     │
├───────────────────────────────────┼────────┤
│ 0005_operations.sql               │ ✅     │
├───────────────────────────────────┼────────┤
│ 0006_acceptance.sql               │ ✅     │
├───────────────────────────────────┼────────┤
│ 0007_backup_inventory.sql         │ ✅     │
├───────────────────────────────────┼────────┤
│ 0008_capture_profiles.sql         │ ✅     │
├───────────────────────────────────┼────────┤
│ 0009_retention_history.sql        │ ✅     │
├───────────────────────────────────┼────────┤
│ 0010_run_history.sql              │ ✅     │
├───────────────────────────────────┼────────┤
│ 0011_backup_groups.sql            │ ✅     │
├───────────────────────────────────┼────────┤
│ 0012_historical_comparisons.sql   │ ✅     │
├───────────────────────────────────┼────────┤
│ 0013_promotion_scans.sql          │ ✅     │
├───────────────────────────────────┼────────┤
│ 0014_visonaut_brand.sql           │ ✅     │
├───────────────────────────────────┼────────┤
│ 0015_run_original_bytes.sql       │ 🕒️    │
├───────────────────────────────────┼────────┤
│ 0016_comparison_publication.sql   │ 🕒️    │
├───────────────────────────────────┼────────┤
│ 0018_transfer_key_redemptions.sql │ 🕒️    │
└───────────────────────────────────┴────────┘
🌀 Executing on remote database DB (f1197621-9b01-4d2e-be9b-0e40d9bb4026):
🌀 To execute on your local development database, remove the --remote flag from your wrangler command.
🚣 Executed 3 commands in 2.36ms
┌───────────────────────────────────┬────────┐
│ name                              │ status │
├───────────────────────────────────┼────────┤
│ 0001_service.sql                  │ ✅     │
├───────────────────────────────────┼────────┤
│ 0002_work.sql                     │ ✅     │
├───────────────────────────────────┼────────┤
│ 0003_auth.sql                     │ ✅     │
├───────────────────────────────────┼────────┤
│ 0004_ingest.sql                   │ ✅     │
├───────────────────────────────────┼────────┤
│ 0005_operations.sql               │ ✅     │
├───────────────────────────────────┼────────┤
│ 0006_acceptance.sql               │ ✅     │
├───────────────────────────────────┼────────┤
│ 0007_backup_inventory.sql         │ ✅     │
├───────────────────────────────────┼────────┤
│ 0008_capture_profiles.sql         │ ✅     │
├───────────────────────────────────┼────────┤
│ 0009_retention_history.sql        │ ✅     │
├───────────────────────────────────┼────────┤
│ 0010_run_history.sql              │ ✅     │
├───────────────────────────────────┼────────┤
│ 0011_backup_groups.sql            │ ✅     │
├───────────────────────────────────┼────────┤
│ 0012_historical_comparisons.sql   │ ✅     │
├───────────────────────────────────┼────────┤
│ 0013_promotion_scans.sql          │ ✅     │
├───────────────────────────────────┼────────┤
│ 0014_visonaut_brand.sql           │ ✅     │
├───────────────────────────────────┼────────┤
│ 0015_run_original_bytes.sql       │ ✅     │
├───────────────────────────────────┼────────┤
│ 0016_comparison_publication.sql   │ 🕒️    │
├───────────────────────────────────┼────────┤
│ 0018_transfer_key_redemptions.sql │ 🕒️    │
└───────────────────────────────────┴────────┘
🌀 Executing on remote database DB (f1197621-9b01-4d2e-be9b-0e40d9bb4026):
🌀 To execute on your local development database, remove the --remote flag from your wrangler command.
🚣 Executed 6 commands in 6.05ms
┌───────────────────────────────────┬────────┐
│ name                              │ status │
├───────────────────────────────────┼────────┤
│ 0001_service.sql                  │ ✅     │
├───────────────────────────────────┼────────┤
│ 0002_work.sql                     │ ✅     │
├───────────────────────────────────┼────────┤
│ 0003_auth.sql                     │ ✅     │
├───────────────────────────────────┼────────┤
│ 0004_ingest.sql                   │ ✅     │
├───────────────────────────────────┼────────┤
│ 0005_operations.sql               │ ✅     │
├───────────────────────────────────┼────────┤
│ 0006_acceptance.sql               │ ✅     │
├───────────────────────────────────┼────────┤
│ 0007_backup_inventory.sql         │ ✅     │
├───────────────────────────────────┼────────┤
│ 0008_capture_profiles.sql         │ ✅     │
├───────────────────────────────────┼────────┤
│ 0009_retention_history.sql        │ ✅     │
├───────────────────────────────────┼────────┤
│ 0010_run_history.sql              │ ✅     │
├───────────────────────────────────┼────────┤
│ 0011_backup_groups.sql            │ ✅     │
├───────────────────────────────────┼────────┤
│ 0012_historical_comparisons.sql   │ ✅     │
├───────────────────────────────────┼────────┤
│ 0013_promotion_scans.sql          │ ✅     │
├───────────────────────────────────┼────────┤
│ 0014_visonaut_brand.sql           │ ✅     │
├───────────────────────────────────┼────────┤
│ 0015_run_original_bytes.sql       │ ✅     │
├───────────────────────────────────┼────────┤
│ 0016_comparison_publication.sql   │ ✅     │
├───────────────────────────────────┼────────┤
│ 0018_transfer_key_redemptions.sql │ 🕒️    │
└───────────────────────────────────┴────────┘
🌀 Executing on remote database DB (f1197621-9b01-4d2e-be9b-0e40d9bb4026):
🌀 To execute on your local development database, remove the --remote flag from your wrangler command.
🚣 Executed 2 commands in 0.54ms
┌───────────────────────────────────┬────────┐
│ name                              │ status │
├───────────────────────────────────┼────────┤
│ 0001_service.sql                  │ ✅     │
├───────────────────────────────────┼────────┤
│ 0002_work.sql                     │ ✅     │
├───────────────────────────────────┼────────┤
│ 0003_auth.sql                     │ ✅     │
├───────────────────────────────────┼────────┤
│ 0004_ingest.sql                   │ ✅     │
├───────────────────────────────────┼────────┤
│ 0005_operations.sql               │ ✅     │
├───────────────────────────────────┼────────┤
│ 0006_acceptance.sql               │ ✅     │
├───────────────────────────────────┼────────┤
│ 0007_backup_inventory.sql         │ ✅     │
├───────────────────────────────────┼────────┤
│ 0008_capture_profiles.sql         │ ✅     │
├───────────────────────────────────┼────────┤
│ 0009_retention_history.sql        │ ✅     │
├───────────────────────────────────┼────────┤
│ 0010_run_history.sql              │ ✅     │
├───────────────────────────────────┼────────┤
│ 0011_backup_groups.sql            │ ✅     │
├───────────────────────────────────┼────────┤
│ 0012_historical_comparisons.sql   │ ✅     │
├───────────────────────────────────┼────────┤
│ 0013_promotion_scans.sql          │ ✅     │
├───────────────────────────────────┼────────┤
│ 0014_visonaut_brand.sql           │ ✅     │
├───────────────────────────────────┼────────┤
│ 0015_run_original_bytes.sql       │ ✅     │
├───────────────────────────────────┼────────┤
│ 0016_comparison_publication.sql   │ ✅     │
├───────────────────────────────────┼────────┤
│ 0018_transfer_key_redemptions.sql │ ✅     │
└───────────────────────────────────┴────────┘
